
Hexadecimal

Area                               Addr   Size   Decimal Bytes (Attributes)
--------------------------------   ----   ----   ------- ----- ------------
INT2AV0                            0000   0046 =     70. bytes (ABS,OVR)

      Value  Global
   --------  --------------------------------
     0000    l_CABS
     0000    l_GSINIT1
     0000    l_GSINIT5
     0000    l_IABS
     0000    l_INT2AV
     0000    l_ISEG
     0000    l_PSEG
     0000    l_REG_BANK_2
     0000    l_REG_BANK_3
     0000    l_RSEG
     0000    l_XABS
     0000    l__CODE
     0000    s_BSEG
     0000    s_CABS
     0000    s_DSEG
     0000    s_HOME
     0000    s_IABS
     0000    s_INT2AV
     0000    s_INT2AV0
     0000    s_ISEG
     0000    s_REG_BANK_0
     0000    s_XABS
     0001    l_BIT_BANK
     0001    l_BSEG_BYTES
     0003    l_CONST
     0003    l_GSFINAL
     0003    l_GSINIT0
     0005    l_BSEG
     0008    l_REG_BANK_0
     0008    l_REG_BANK_1
     0008    s_REG_BANK_1
     0009    l_XINIT
     0009    l_XISEG
     000A    l_GSINIT2
     000A    l_XSEG
     000B    l_OSEG
     0010    s_REG_BANK_2
     0018    s_REG_BANK_3
     001E    l_GSINIT
     0020    s_BSEG_BYTES
     0020    s__CODE
     0021    s_BIT_BANK
     0022    l_GSINIT3
     002A    l_GSINIT4
     0046    l_INT2AV0
     006A    s_OSEG
     0075    s_RSEG
     0075    s_SSEG
     007F    l_DSEG
     008B    l_SSEG
     00B0    l_DSCR_AREA
     00B8    l_INT2JT
     0100    l_IRAM
     01BB    l_HOME
     01BB    s_GSINIT0
     01BE    s_GSINIT1
     01BE    s_GSINIT2
     01C8    s_GSINIT3
     01EA    s_GSINIT4
     0214    s_GSINIT
     0214    s_GSINIT5
     0232    s_GSFINAL
     0235    s_CSEG
     1A55    l_CSEG
     1C8A    s_CONST
     1C8D    s_XINIT
     3BF7    s_PSEG
     3BF7    s_XSEG
     3C01    s_XISEG
     3E00    s_DSCR_AREA
     3F00    s_INT2JT





Hexadecimal

Area                               Addr   Size   Decimal Bytes (Attributes)
--------------------------------   ----   ----   ------- ----- ------------
.  .ABS.                           0000   0000 =      0. bytes (ABS,CON)

      Value  Global
   --------  --------------------------------
     0080    _IOA
     0080    _PA0
     0081    _PA1
     0081    _SP
     0082    _DPL
     0082    _PA2
     0083    _DPH
     0083    _PA3
     0084    _DPL1
     0084    _PA4
     0085    _DPH1
     0085    _PA5
     0086    _DPS
     0086    _PA6
     0087    _PA7
     0087    _PCON
     0088    _IT0
     0088    _TCON
     0089    _IE0
     0089    _TMOD
     008A    _IT1
     008A    _TL0
     008B    _IE1
     008B    _TL1
     008C    _TH0
     008C    _TR0
     008D    _TF0
     008D    _TH1
     008E    _CKCON
     008E    _TR1
     008F    _TF1
     0090    _IOB
     0090    _PB0
     0091    _EXIF
     0091    _PB1
     0092    _PB2
     0092    __XPAGE
     0093    _PB3
     0094    _PB4
     0095    _PB5
     0096    _PB6
     0097    _PB7
     0098    _RI
     0098    _SCON0
     0099    _SBUF0
     0099    _TI
     009A    _AUTOPTRH1
     009A    _RB8
     009B    _AUTOPTRL1
     009B    _TB8
     009C    _REN
     009D    _AUTOPTRH2
     009D    _SM2
     009E    _AUTOPTRL2
     009E    _SM1
     009F    _SM0
     00A0    _IOC
     00A0    _PC0
     00A1    _INT2CLR
     00A1    _PC1
     00A2    _INT4CLR
     00A2    _PC2
     00A3    _PC3
     00A4    _PC4
     00A5    _PC5
     00A6    _PC6
     00A7    _PC7
     00A8    _EX0
     00A8    _IE
     00A9    _ET0
     00AA    _EP2468STAT
     00AA    _EX1
     00AB    _EP24FIFOFLGS
     00AB    _ET1
     00AC    _EP68FIFOFLGS
     00AC    _ES0
     00AD    _ET2
     00AE    _ES1
     00AF    _AUTOPTRSETUP
     00AF    _EA
     00B0    _IOD
     00B0    _PD0
     00B1    _IOE
     00B1    _PD1
     00B2    _OEA
     00B2    _PD2
     00B3    _OEB
     00B3    _PD3
     00B4    _OEC
     00B4    _PD4
     00B5    _OED
     00B5    _PD5
     00B6    _OEE
     00B6    _PD6
     00B7    _PD7
     00B8    _IP
     00B8    _PX0
     00B9    _PT0
     00BA    _EP01STAT
     00BA    _PX1
     00BB    _GPIFTRIG
     00BB    _PT1
     00BC    _PS0
     00BD    _GPIFSGLDATH
     00BD    _PT2
     00BE    _GPIFSGLDATLX
     00BE    _PS1
     00BF    _GPIFSGLDATLNOX
     00C0    _RI1
     00C0    _SCON1
     00C1    _SBUF1
     00C1    _TI1
     00C2    _RB81
     00C3    _TB81
     00C4    _REN1
     00C5    _SM21
     00C6    _SM11
     00C7    _SM01
     00C8    _CP_RL2
     00C8    _T2CON
     00C9    _C_T2
     00CA    _RCAP2L
     00CA    _TR2
     00CB    _EXEN2
     00CB    _RCAP2H
     00CC    _TCLK
     00CC    _TL2
     00CD    _RCLK
     00CD    _TH2
     00CE    _EXF2
     00CF    _TF2
     00D0    _P
     00D0    _PSW
     00D1    _FL
     00D2    _OV
     00D3    _RS0
     00D4    _RS1
     00D5    _F0
     00D6    _AC
     00D7    _CY
     00D8    _EICON
     00DB    _INT6
     00DC    _RESI
     00DD    _ERESI
     00DF    _SMOD1
     00E0    _ACC
     00E8    _EIE
     00E8    _EUSB
     00E9    _EI2C
     00EA    _EIEX4
     00EB    _EIEX5
     00EC    _EIEX6
     00F0    _B
     00F5    _B_5
     00F6    _B_6
     00F7    _B_7
     00F8    _EIP
     00F8    _PUSB
     00F9    _PI2C
     00FA    _EIPX4
     00FB    _EIPX5
     00FC    _EIPX6
     8000    _D2OFF
     8800    _D2ON
     9000    _D3OFF
     9800    _D3ON
     A000    _D4OFF
     A800    _D4ON
     B000    _D5OFF
     B800    _D5ON
     E400    _GPIF_WAVE_DATA
     E480    _RES_WAVEDATA_END
     E50D    _GPCR2
     E600    _CPUCS
     E601    _IFCONFIG
     E602    _PINFLAGSAB
     E603    _PINFLAGSCD
     E604    _FIFORESET
     E605    _BREAKPT
     E606    _BPADDRH
     E607    _BPADDRL
     E608    _UART230
     E609    _FIFOPINPOLAR
     E60A    _REVID
     E60B    _REVCTL
     E60C    _GPIFHOLDAMOUNT
     E610    _EP1OUTCFG
     E611    _EP1INCFG
     E612    _EP2CFG
     E613    _EP4CFG
     E614    _EP6CFG
     E615    _EP8CFG
     E618    _EP2FIFOCFG
     E619    _EP4FIFOCFG
     E61A    _EP6FIFOCFG
     E61B    _EP8FIFOCFG
     E620    _EP2AUTOINLENH
     E621    _EP2AUTOINLENL
     E622    _EP4AUTOINLENH
     E623    _EP4AUTOINLENL
     E624    _EP6AUTOINLENH
     E625    _EP6AUTOINLENL
     E626    _EP8AUTOINLENH
     E627    _EP8AUTOINLENL
     E628    _ECCCFG
     E629    _ECCRESET
     E62A    _ECC1B0
     E62B    _ECC1B1
     E62C    _ECC1B2
     E62D    _ECC2B0
     E62E    _ECC2B1
     E62F    _ECC2B2
     E630    _EP2FIFOPFH
     E631    _EP2FIFOPFL
     E632    _EP4FIFOPFH
     E633    _EP4FIFOPFL
     E634    _EP6FIFOPFH
     E635    _EP6FIFOPFL
     E636    _EP8FIFOPFH
     E637    _EP8FIFOPFL
     E640    _EP2ISOINPKTS
     E641    _EP4ISOINPKTS
     E642    _EP6ISOINPKTS
     E643    _EP8ISOINPKTS
     E648    _INPKTEND
     E649    _OUTPKTEND
     E650    _EP2FIFOIE
     E651    _EP2FIFOIRQ
     E652    _EP4FIFOIE
     E653    _EP4FIFOIRQ
     E654    _EP6FIFOIE
     E655    _EP6FIFOIRQ
     E656    _EP8FIFOIE
     E657    _EP8FIFOIRQ
     E658    _IBNIE
     E659    _IBNIRQ
     E65A    _NAKIE
     E65B    _NAKIRQ
     E65C    _USBIE
     E65D    _USBIRQ
     E65E    _EPIE
     E65F    _EPIRQ
     E660    _GPIFIE
     E661    _GPIFIRQ
     E662    _USBERRIE
     E663    _USBERRIRQ
     E664    _ERRCNTLIM
     E665    _CLRERRCNT
     E666    _INT2IVEC
     E667    _INT4IVEC
     E668    _INTSETUP
     E670    _PORTACFG
     E671    _PORTCCFG
     E672    _PORTECFG
     E678    _I2CS
     E679    _I2DAT
     E67A    _I2CTL
     E67B    _XAUTODAT1
     E67C    _XAUTODAT2
     E67D    _UDMACRCH
     E67E    _UDMACRCL
     E67F    _UDMACRCQUAL
     E680    _USBCS
     E681    _SUSPEND
     E682    _WAKEUPCS
     E683    _TOGCTL
     E684    _USBFRAMEH
     E685    _USBFRAMEL
     E686    _MICROFRAME
     E687    _FNADDR
     E68A    _EP0BCH
     E68B    _EP0BCL
     E68D    _EP1OUTBC
     E68F    _EP1INBC
     E690    _EP2BCH
     E691    _EP2BCL
     E694    _EP4BCH
     E695    _EP4BCL
     E698    _EP6BCH
     E699    _EP6BCL
     E69C    _EP8BCH
     E69D    _EP8BCL
     E6A0    _EP0CS
     E6A1    _EP1OUTCS
     E6A2    _EP1INCS
     E6A3    _EP2CS
     E6A4    _EP4CS
     E6A5    _EP6CS
     E6A6    _EP8CS
     E6A7    _EP2FIFOFLGS
     E6A8    _EP4FIFOFLGS
     E6A9    _EP6FIFOFLGS
     E6AA    _EP8FIFOFLGS
     E6AB    _EP2FIFOBCH
     E6AC    _EP2FIFOBCL
     E6AD    _EP4FIFOBCH
     E6AE    _EP4FIFOBCL
     E6AF    _EP6FIFOBCH
     E6B0    _EP6FIFOBCL
     E6B1    _EP8FIFOBCH
     E6B2    _EP8FIFOBCL
     E6B3    _SUDPTRH
     E6B4    _SUDPTRL
     E6B5    _SUDPTRCTL
     E6B8    _SETUPDAT
     E6C0    _GPIFWFSELECT
     E6C1    _GPIFIDLECS
     E6C2    _GPIFIDLECTL
     E6C3    _GPIFCTLCFG
     E6C4    _GPIFADRH
     E6C5    _GPIFADRL
     E6C6    _FLOWSTATE
     E6C7    _FLOWLOGIC
     E6C8    _FLOWEQ0CTL
     E6C9    _FLOWEQ1CTL
     E6CA    _FLOWHOLDOFF
     E6CB    _FLOWSTB
     E6CC    _FLOWSTBEDGE
     E6CD    _FLOWSTBHPERIOD
     E6CE    _GPIFTCB3
     E6CF    _GPIFTCB2
     E6D0    _GPIFTCB1
     E6D1    _GPIFTCB0
     E6D2    _EP2GPIFFLGSEL
     E6D3    _EP2GPIFPFSTOP
     E6D4    _EP2GPIFTRIG
     E6DA    _EP4GPIFFLGSEL
     E6DB    _EP4GPIFPFSTOP
     E6DC    _EP4GPIFTRIG
     E6E2    _EP6GPIFFLGSEL
     E6E3    _EP6GPIFPFSTOP
     E6E4    _EP6GPIFTRIG
     E6EA    _EP8GPIFFLGSEL
     E6EB    _EP8GPIFPFSTOP
     E6EC    _EP8GPIFTRIG
     E6F0    _XGPIFSGLDATH
     E6F1    _XGPIFSGLDATLX
     E6F2    _XGPIFSGLDATLNOX
     E6F3    _GPIFREADYCFG
     E6F4    _GPIFREADYSTAT
     E6F5    _GPIFABORT
     E740    _EP0BUF
     E780    _EP1OUTBUF
     E7C0    _EP1INBUF
     F000    _EP2FIFOBUF
     F400    _EP4FIFOBUF
     F800    _EP6FIFOBUF
     FC00    _EP8FIFOBUF







Hexadecimal

Area                               Addr   Size   Decimal Bits  (Attributes)
--------------------------------   ----   ----   ------- ----- ------------
BSEG                               0000   0005 =      5. bits  (REL,CON,BIT)

      Value  Global
   --------  --------------------------------
  0B:0000    _gotbuf
  0B:0001    _got_sud
  0B:0002    _on
  0B:0003    _on5


Hexadecimal

Area                               Addr   Size   Decimal Bytes (Attributes)
--------------------------------   ----   ----   ------- ----- ------------
DSEG                               0000   007F =    127. bytes (REL,CON)

      Value  Global
   --------  --------------------------------
     0012    _bytes
     0014    _icount
     0022    _i2c_write_PARM_2
     0024    _i2c_write_PARM_3
     0027    _i2c_write_PARM_4
     0029    _i2c_write_PARM_5
     002F    _i2c_read_PARM_2
     0031    _i2c_read_PARM_3
     0036    _eeprom_read_PARM_2
     0038    _eeprom_read_PARM_3
     003A    _eeprom_read_PARM_4
     003F    _START_CONFIG_PROC
     0040    _CONFIGURE_FPGA
     0049    _writeEeprom_PARM_2
     004B    _writeEeprom_PARM_3
     004D    _writeEeprom_PARM_4
     0056    _execFlashCmd_PARM_2
     0059    _startWriteI2C_PARM_2
     005B    _startWriteI2C_PARM_3
     005E    _startReadI2C_PARM_2
     0060    _startReadI2C_PARM_3
     0064    _self_powered
     0065    _remote_wakeup_allowed
     0066    _pDevConfig
     0068    _pOtherConfig

Hexadecimal

Area                               Addr   Size   Decimal Bytes (Attributes)
--------------------------------   ----   ----   ------- ----- ------------
OSEG                               006A   000B =     11. bytes (REL,OVR)

      Value  Global
   --------  --------------------------------
     006A    __gptrput_PARM_2
     006A    _delay_count_1_1
     006A    _eeprom_write_PARM_2
     006A    _handle_get_interface_PARM_2
     006A    _handle_set_interface_PARM_2
     006A    _memcpy_PARM_2
     006A    _readI2C_PARM_2
     006A    _setUserPinsDir_PARM_2
     006A    _stopReadI2C_PARM_2
     006A    _writeI2C_PARM_2
     006C    _eeprom_write_PARM_3
     006D    _memcpy_PARM_3
     006E    _eeprom_write_PARM_4
     006F    _memcpy_ret_1_1
     0072    _memcpy_s_1_1


Hexadecimal

Area                               Addr   Size   Decimal Bytes (Attributes)
--------------------------------   ----   ----   ------- ----- ------------
SSEG                               0075   008B =    139. bytes (REL,OVR)

      Value  Global
   --------  --------------------------------
     0075    __start__stack



Hexadecimal

Area                               Addr   Size   Decimal Bytes (Attributes)
--------------------------------   ----   ----   ------- ----- ------------
XSEG                               3BF7   000A =     10. bytes (REL,CON,XDATA)

      Value  Global
   --------  --------------------------------
  0D:3BF7    _lcount
  0D:3BFB    _fpgaFileLen
  0D:3C00    _cancel_i2c_trans

Hexadecimal

Area                               Addr   Size   Decimal Bytes (Attributes)
--------------------------------   ----   ----   ------- ----- ------------
XISEG                              3C01   0009 =      9. bytes (REL,CON,XDATA)

      Value  Global
   --------  --------------------------------
  0D:3C01    _programFpga
  0D:3C02    _fpgaProgrammed
  0D:3C03    _fpgaStatus
  0D:3C04    _uCMode
  0D:3C05    _prevMode
  0D:3C06    _TURN3V3OFF
  0D:3C08    _sofct

Hexadecimal

Area                               Addr   Size   Decimal Bytes (Attributes)
--------------------------------   ----   ----   ------- ----- ------------
HOME                               0000   01BB =    443. bytes (REL,CON,CODE)

      Value  Global
   --------  --------------------------------
  0C:01B6    __sdcc_program_startup

Hexadecimal

Area                               Addr   Size   Decimal Bytes (Attributes)
--------------------------------   ----   ----   ------- ----- ------------
GSINIT0                            01BB   0003 =      3. bytes (REL,CON,CODE)

      Value  Global
   --------  --------------------------------
  0C:01BB    __sdcc_gsinit_startup



Hexadecimal

Area                               Addr   Size   Decimal Bytes (Attributes)
--------------------------------   ----   ----   ------- ----- ------------
GSINIT3                            01C8   0022 =     34. bytes (REL,CON,CODE)

      Value  Global
   --------  --------------------------------
  0C:01C8    __mcs51_genXINIT

Hexadecimal

Area                               Addr   Size   Decimal Bytes (Attributes)
--------------------------------   ----   ----   ------- ----- ------------
GSINIT4                            01EA   002A =     42. bytes (REL,CON,CODE)

      Value  Global
   --------  --------------------------------
  0C:01EA    __mcs51_genRAMCLEAR
  0C:01F0    __mcs51_genXRAMCLEAR




Hexadecimal

Area                               Addr   Size   Decimal Bytes (Attributes)
--------------------------------   ----   ----   ------- ----- ------------
CSEG                               0235   1A55 =   6741. bytes (REL,CON,CODE)

      Value  Global
   --------  --------------------------------
  0C:0235    _main
  0C:0468    _handle_vendorcommand
  0C:0AB5    _handle_get_interface
  0C:0AD2    _handle_set_interface
  0C:0B52    _handle_get_configuration
  0C:0B56    _handle_set_configuration
  0C:0B64    _sudav_isr
  0C:0B7C    _sof_isr
  0C:0BBC    _usbreset_isr
  0C:0C07    _hispeed_isr
  0C:0C52    _timer0_isr
  0C:0C5C    _ep0ack_isr
  0C:0C5D    _ep1ping_isr
  0C:0C5E    _ep2ping_isr
  0C:0C5F    _sutok_isr
  0C:0C60    _i2c_write
  0C:0DCB    _i2c_read
  0C:0F50    _eeprom_write
  0C:0F54    _eeprom_read
  0C:0FB9    _assertSoftReset
  0C:0FBF    _clearSoftReset
  0C:0FC5    _startFpga
  0C:1005    _setupFpgaConf
  0C:1044    _configureFpga
  0C:10FC    _setupFpgaProg
  0C:1114    _progFpga
  0C:1234    _setUserPinsDir
  0C:1244    _setUserPins
  0C:1264    _setMode
  0C:1374    _writeEeprom
  0C:141B    _execFlashCmd
  0C:1465    _transferSpiByte
  0C:1473    _readBoardStatusRegister
  0C:1499    _ep4ping_isr
  0C:149A    _ibn_isr
  0C:149B    _ep6ping_isr
  0C:149C    _startWriteI2C
  0C:154F    _writeI2C
  0C:15CD    _stopWriteI2C
  0C:15F3    _startReadI2C
  0C:1682    _readI2C
  0C:174C    _stopReadI2C
  0C:1792    _ep8ping_isr
  0C:1793    _memcpy
  0C:17EB    _handle_setupdata
  0C:1908    _ep_addr
  0C:195F    _handle_get_status
  0C:19EB    _handle_clear_feature
  0C:1A59    _handle_set_feature
  0C:1AE1    _handle_hispeed
  0C:1B0C    _handle_get_descriptor
  0C:1BDD    _suspend_isr
  0C:1BDE    _gpifwf_isr
  0C:1BDF    _ep2_isr
  0C:1BE0    __gptrput
  0C:1BF9    _ep4_isr
  0C:1BFA    _ep6_isr
  0C:1BFB    _gpifdone_isr
  0C:1BFC    _ep8_isr
  0C:1BFD    _ep2ef_isr
  0C:1BFE    _ep2ff_isr
  0C:1BFF    _ep4ef_isr
  0C:1C00    _ep4ff_isr
  0C:1C01    _ep6ef_isr
  0C:1C02    _ep6ff_isr
  0C:1C03    _ep8ef_isr
  0C:1C04    _ep8ff_isr
  0C:1C05    _ep2isoerr_isr
  0C:1C06    _spare_isr
  0C:1C07    _ep0in_isr
  0C:1C08    _ep0out_isr
  0C:1C09    _ep1in_isr
  0C:1C0A    _ep4isoerr_isr
  0C:1C0B    _ep2pf_isr
  0C:1C0C    _ep1out_isr
  0C:1C0D    _ep6isoerr_isr
  0C:1C0E    _ep4pf_isr
  0C:1C0F    _ep8isoerr_isr
  0C:1C10    _ep6pf_isr
  0C:1C11    _delay
  0C:1C67    _ep8pf_isr
  0C:1C68    _errlimit_isr
  0C:1C69    __gptrget
  0C:1C85    _ep0ping_isr
  0C:1C86    __sdcc_external_startup

Hexadecimal

Area                               Addr   Size   Decimal Bytes (Attributes)
--------------------------------   ----   ----   ------- ----- ------------
CONST                              1C8A   0003 =      3. bytes (REL,CON,CODE)

      Value  Global
   --------  --------------------------------
  0C:1C8A    _codeVersion


Hexadecimal

Area                               Addr   Size   Decimal Bytes (Attributes)
--------------------------------   ----   ----   ------- ----- ------------
DSCR_AREA                          3E00   00B0 =    176. bytes (REL,CON,CODE)

      Value  Global
   --------  --------------------------------
  0C:3E00    _dev_dscr
  0C:3E12    _dev_qual_dscr
  0C:3E1C    _highspd_dscr
  0C:3E3C    _fullspd_dscr
  0C:3E5C    _dev_strings
  0C:3EAE    _dev_strings_end

Hexadecimal

Area                               Addr   Size   Decimal Bytes (Attributes)
--------------------------------   ----   ----   ------- ----- ------------
INT2JT                             3F00   00B8 =    184. bytes (REL,CON,CODE)

      Value  Global
   --------  --------------------------------
  0C:3F00    _INT2JT
ASxxxx Linker V01.75 + NoICE + SDCC Feb 1999,  page 1.

Files Linked      [ module(s) ]

aes220_Firmware.rel
dscr.rel        

Libraries Linked            [   object  file   ]

.//lib/fx2.lib                      [       ep0ack_isr ]
.//lib/fx2.lib                      [      ep1ping_isr ]
.//lib/fx2.lib                      [      ep2ping_isr ]
.//lib/fx2.lib                      [        sutok_isr ]
.//lib/fx2.lib                      [              i2c ]
.//lib/fx2.lib                      [           aes220 ]
.//lib/fx2.lib                      [      ep4ping_isr ]
.//lib/fx2.lib                      [          ibn_isr ]
.//lib/fx2.lib                      [      ep6ping_isr ]
.//lib/fx2.lib                      [          aes_i2c ]
.//lib/fx2.lib                      [      ep8ping_isr ]
/usr/bin/../share/sdcc/lib/small/mcs51.lib    [     crtclear.rel ]
/usr/bin/../share/sdcc/lib/small/libsdcc.lib    [      _memcpy.rel ]
/usr/bin/../share/sdcc/lib/small/mcs51.lib    [     crtxinit.rel ]
.//lib/fx2.lib                      [         setupdat ]
.//lib/fx2.lib                      [      suspend_isr ]
.//lib/fx2.lib                      [       gpifwf_isr ]
.//lib/fx2.lib                      [          ep2_isr ]
/usr/bin/../share/sdcc/lib/small/libsdcc.lib    [     _gptrput.rel ]
.//lib/fx2.lib                      [          ep4_isr ]
.//lib/fx2.lib                      [          ep6_isr ]
.//lib/fx2.lib                      [     gpifdone_isr ]
.//lib/fx2.lib                      [          ep8_isr ]
.//lib/fx2.lib                      [            usbav ]
.//lib/fx2.lib                      [        ep2ef_isr ]
/usr/bin/../share/sdcc/lib/small/mcs51.lib    [    crtxclear.rel ]
.//lib/fx2.lib                      [        ep2ff_isr ]
.//lib/fx2.lib                      [        ep4ef_isr ]
.//lib/fx2.lib                      [        ep4ff_isr ]
.//lib/fx2.lib                      [        ep6ef_isr ]
.//lib/fx2.lib                      [        ep6ff_isr ]
.//lib/fx2.lib                      [        ep8ef_isr ]
.//lib/fx2.lib                      [        ep8ff_isr ]
.//lib/fx2.lib                      [    ep2isoerr_isr ]
.//lib/fx2.lib                      [        spare_isr ]
.//lib/fx2.lib                      [        ep0in_isr ]
.//lib/fx2.lib                      [       ep0out_isr ]
.//lib/fx2.lib                      [        ep1in_isr ]
.//lib/fx2.lib                      [    ep4isoerr_isr ]
.//lib/fx2.lib                      [        ep2pf_isr ]
.//lib/fx2.lib                      [       ep1out_isr ]
.//lib/fx2.lib                      [    ep6isoerr_isr ]
.//lib/fx2.lib                      [        ep4pf_isr ]
.//lib/fx2.lib                      [    ep8isoerr_isr ]
.//lib/fx2.lib                      [        ep6pf_isr ]
.//lib/fx2.lib                      [            delay ]
.//lib/fx2.lib                      [        ep8pf_isr ]
.//lib/fx2.lib                      [     errlimit_isr ]
/usr/bin/../share/sdcc/lib/small/mcs51.lib    [     crtstart.rel ]
/usr/bin/../share/sdcc/lib/small/libsdcc.lib    [     _gptrget.rel ]
.//lib/fx2.lib                      [      ep0ping_isr ]
/usr/bin/../share/sdcc/lib/small/libsdcc.lib    [     _startup.rel ]

ASxxxx Linker V01.75 + NoICE + SDCC Feb 1999,  page 2.

User Base Address Definitions

HOME = 0x0000
XSEG = 0x3bf7
PSEG = 0x3bf7
ISEG = 0x0000
BSEG = 0x0000
DSCR_AREA=0x3e00
INT2JT=0x3f00

